
> mercado-back-end@1.0.0 test
> jest --forceExit

  console.log
    ◇ injected env (0) from .env // tip: ⌘ override existing { override: true }

      at _log (node_modules/dotenv/lib/main.js:131:11)

  console.error
    ERROR_HANDLER_CAUGHT: TypeError: Cannot set property query of [object Object] which has only a getter
        at D:\Node.js\mercado-back-end\node_modules\express-mongo-sanitize\index.js:113:18
        at Array.forEach (<anonymous>)
        at D:\Node.js\mercado-back-end\node_modules\express-mongo-sanitize\index.js:110:44
        at Layer.handleRequest (D:\Node.js\mercado-back-end\node_modules\router\lib\layer.js:152:17)
        at trimPrefix (D:\Node.js\mercado-back-end\node_modules\router\index.js:342:13)
        at D:\Node.js\mercado-back-end\node_modules\router\index.js:297:9
        at processParams (D:\Node.js\mercado-back-end\node_modules\router\index.js:582:12)
        at next (D:\Node.js\mercado-back-end\node_modules\router\index.js:291:5)
        at cookieParser (D:\Node.js\mercado-back-end\node_modules\cookie-parser\index.js:57:14)
        at Layer.handleRequest (D:\Node.js\mercado-back-end\node_modules\router\lib\layer.js:152:17)
        at trimPrefix (D:\Node.js\mercado-back-end\node_modules\router\index.js:342:13)
        at D:\Node.js\mercado-back-end\node_modules\router\index.js:297:9
        at processParams (D:\Node.js\mercado-back-end\node_modules\router\index.js:582:12)
        at next (D:\Node.js\mercado-back-end\node_modules\router\index.js:291:5)
        at read (D:\Node.js\mercado-back-end\node_modules\body-parser\lib\read.js:53:5)
        at urlencodedParser (D:\Node.js\mercado-back-end\node_modules\body-parser\lib\types\urlencoded.js:57:5)
        at Layer.handleRequest (D:\Node.js\mercado-back-end\node_modules\router\lib\layer.js:152:17)
        at trimPrefix (D:\Node.js\mercado-back-end\node_modules\router\index.js:342:13)
        at D:\Node.js\mercado-back-end\node_modules\router\index.js:297:9
        at processParams (D:\Node.js\mercado-back-end\node_modules\router\index.js:582:12)
        at next (D:\Node.js\mercado-back-end\node_modules\router\index.js:291:5)
        at read (D:\Node.js\mercado-back-end\node_modules\body-parser\lib\read.js:53:5)
        at jsonParser (D:\Node.js\mercado-back-end\node_modules\body-parser\lib\types\json.js:88:5)
        at Layer.handleRequest (D:\Node.js\mercado-back-end\node_modules\router\lib\layer.js:152:17)
        at trimPrefix (D:\Node.js\mercado-back-end\node_modules\router\index.js:342:13)
        at D:\Node.js\mercado-back-end\node_modules\router\index.js:297:9
        at processParams (D:\Node.js\mercado-back-end\node_modules\router\index.js:582:12)
        at next (D:\Node.js\mercado-back-end\node_modules\router\index.js:291:5)
        at logger (D:\Node.js\mercado-back-end\node_modules\morgan\index.js:144:5)
        at Layer.handleRequest (D:\Node.js\mercado-back-end\node_modules\router\lib\layer.js:152:17)
        at trimPrefix (D:\Node.js\mercado-back-end\node_modules\router\index.js:342:13)
        at D:\Node.js\mercado-back-end\node_modules\router\index.js:297:9
        at processParams (D:\Node.js\mercado-back-end\node_modules\router\index.js:582:12)
        at next (D:\Node.js\mercado-back-end\node_modules\router\index.js:291:5)
        at next (D:\Node.js\mercado-back-end\src\middlewares\requestId.middleware.js:9:3)
        at Layer.handleRequest (D:\Node.js\mercado-back-end\node_modules\router\lib\layer.js:152:17)
        at trimPrefix (D:\Node.js\mercado-back-end\node_modules\router\index.js:342:13)
        at D:\Node.js\mercado-back-end\node_modules\router\index.js:297:9
        at processParams (D:\Node.js\mercado-back-end\node_modules\router\index.js:582:12)
        at next (D:\Node.js\mercado-back-end\node_modules\router\index.js:291:5)
        at cors (D:\Node.js\mercado-back-end\node_modules\cors\lib\index.js:188:7)
        at D:\Node.js\mercado-back-end\node_modules\cors\lib\index.js:224:17
        at originCallback (D:\Node.js\mercado-back-end\node_modules\cors\lib\index.js:214:15)
        at D:\Node.js\mercado-back-end\node_modules\cors\lib\index.js:219:13
        at optionsCallback (D:\Node.js\mercado-back-end\node_modules\cors\lib\index.js:199:9)
        at corsMiddleware (D:\Node.js\mercado-back-end\node_modules\cors\lib\index.js:204:7)
        at Layer.handleRequest (D:\Node.js\mercado-back-end\node_modules\router\lib\layer.js:152:17)
        at trimPrefix (D:\Node.js\mercado-back-end\node_modules\router\index.js:342:13)
        at D:\Node.js\mercado-back-end\node_modules\router\index.js:297:9
        at processParams (D:\Node.js\mercado-back-end\node_modules\router\index.js:582:12)
        at next (D:\Node.js\mercado-back-end\node_modules\router\index.js:291:5)
        at internalNext (D:\Node.js\mercado-back-end\node_modules\helmet\index.cjs:531:6)
        at xXssProtectionMiddleware (D:\Node.js\mercado-back-end\node_modules\helmet\index.cjs:311:3)
        at internalNext (D:\Node.js\mercado-back-end\node_modules\helmet\index.cjs:529:6)
        at xPoweredByMiddleware (D:\Node.js\mercado-back-end\node_modules\helmet\index.cjs:304:3)
        at internalNext (D:\Node.js\mercado-back-end\node_modules\helmet\index.cjs:529:6)
        at xPermittedCrossDomainPoliciesMiddleware (D:\Node.js\mercado-back-end\node_modules\helmet\index.cjs:297:3)
        at internalNext (D:\Node.js\mercado-back-end\node_modules\helmet\index.cjs:529:6)
        at xFrameOptionsMiddleware (D:\Node.js\mercado-back-end\node_modules\helmet\index.cjs:281:3)
        at internalNext (D:\Node.js\mercado-back-end\node_modules\helmet\index.cjs:529:6)
        at xDownloadOptionsMiddleware (D:\Node.js\mercado-back-end\node_modules\helmet\index.cjs:261:3)
        at internalNext (D:\Node.js\mercado-back-end\node_modules\helmet\index.cjs:529:6)
        at xDnsPrefetchControlMiddleware (D:\Node.js\mercado-back-end\node_modules\helmet\index.cjs:254:3)
        at internalNext (D:\Node.js\mercado-back-end\node_modules\helmet\index.cjs:529:6)
        at xContentTypeOptionsMiddleware (D:\Node.js\mercado-back-end\node_modules\helmet\index.cjs:246:3)
        at internalNext (D:\Node.js\mercado-back-end\node_modules\helmet\index.cjs:529:6)
        at strictTransportSecurityMiddleware (D:\Node.js\mercado-back-end\node_modules\helmet\index.cjs:239:3)
        at internalNext (D:\Node.js\mercado-back-end\node_modules\helmet\index.cjs:529:6)
        at referrerPolicyMiddleware (D:\Node.js\mercado-back-end\node_modules\helmet\index.cjs:207:3)
        at internalNext (D:\Node.js\mercado-back-end\node_modules\helmet\index.cjs:529:6)
        at originAgentClusterMiddleware (D:\Node.js\mercado-back-end\node_modules\helmet\index.cjs:182:3)
        at internalNext (D:\Node.js\mercado-back-end\node_modules\helmet\index.cjs:529:6)
        at crossOriginResourcePolicyMiddleware (D:\Node.js\mercado-back-end\node_modules\helmet\index.cjs:175:3)
        at internalNext (D:\Node.js\mercado-back-end\node_modules\helmet\index.cjs:529:6)
        at crossOriginOpenerPolicyMiddleware (D:\Node.js\mercado-back-end\node_modules\helmet\index.cjs:159:3)
        at internalNext (D:\Node.js\mercado-back-end\node_modules\helmet\index.cjs:529:6)
        at contentSecurityPolicyMiddleware (D:\Node.js\mercado-back-end\node_modules\helmet\index.cjs:124:4)
        at internalNext (D:\Node.js\mercado-back-end\node_modules\helmet\index.cjs:529:6)
        at helmetMiddleware (D:\Node.js\mercado-back-end\node_modules\helmet\index.cjs:533:6)
        at Layer.handleRequest (D:\Node.js\mercado-back-end\node_modules\router\lib\layer.js:152:17)
        at trimPrefix (D:\Node.js\mercado-back-end\node_modules\router\index.js:342:13)
        at D:\Node.js\mercado-back-end\node_modules\router\index.js:297:9
        at processParams (D:\Node.js\mercado-back-end\node_modules\router\index.js:582:12)
        at next (D:\Node.js\mercado-back-end\node_modules\router\index.js:291:5)
        at Function.handle (D:\Node.js\mercado-back-end\node_modules\router\index.js:186:3)
        at Function.handle (D:\Node.js\mercado-back-end\node_modules\express\lib\application.js:177:15)
        at Server.app (D:\Node.js\mercado-back-end\node_modules\express\lib\express.js:38:9)
        at Server.emit (node:events:524:28)
        at parserOnIncoming (node:_http_server:1153:12)
        at HTTPParser.parserOnHeadersComplete (node:_http_common:117:17)

    [0m [90m  5 |[39m [90m// eslint-disable-next-line no-unused-vars[39m
     [90m  6 |[39m [36mconst[39m errorHandler [33m=[39m (err[33m,[39m req[33m,[39m res[33m,[39m next) [33m=>[39m {
    [31m[1m>[22m[39m[90m  7 |[39m   console[33m.[39merror([32m'ERROR_HANDLER_CAUGHT:'[39m[33m,[39m err)[33m;[39m
     [90m    |[39m           [31m[1m^[22m[39m
     [90m  8 |[39m   [36mlet[39m error [33m=[39m { [33m...[39merr }[33m;[39m
     [90m  9 |[39m   error[33m.[39mmessage [33m=[39m err[33m.[39mmessage[33m;[39m
     [90m 10 |[39m[0m

      at error (src/middlewares/errorHandler.middleware.js:7:11)
      at Layer.handleError (node_modules/router/lib/layer.js:116:17)
      at trimPrefix (node_modules/router/index.js:340:13)
      at node_modules/router/index.js:297:9
      at processParams (node_modules/router/index.js:582:12)
      at next (node_modules/router/index.js:291:5)
      at Layer.handleError (node_modules/router/lib/layer.js:111:12)
      at trimPrefix (node_modules/router/index.js:340:13)
      at node_modules/router/index.js:297:9
      at processParams (node_modules/router/index.js:582:12)
      at next (node_modules/router/index.js:291:5)
      at Layer.handleError (node_modules/router/lib/layer.js:111:12)
      at trimPrefix (node_modules/router/index.js:340:13)
      at node_modules/router/index.js:297:9
      at processParams (node_modules/router/index.js:582:12)
      at next (node_modules/router/index.js:291:5)
      at Layer.handleRequest (node_modules/router/lib/layer.js:165:5)
      at trimPrefix (node_modules/router/index.js:342:13)
      at node_modules/router/index.js:297:9
      at processParams (node_modules/router/index.js:582:12)
      at next (node_modules/router/index.js:291:5)
      at cookieParser (node_modules/cookie-parser/index.js:57:14)
      at Layer.handleRequest (node_modules/router/lib/layer.js:152:17)
      at trimPrefix (node_modules/router/index.js:342:13)
      at node_modules/router/index.js:297:9
      at processParams (node_modules/router/index.js:582:12)
      at next (node_modules/router/index.js:291:5)
      at read (node_modules/body-parser/lib/read.js:53:5)
      at urlencodedParser (node_modules/body-parser/lib/types/urlencoded.js:57:5)
      at Layer.handleRequest (node_modules/router/lib/layer.js:152:17)
      at trimPrefix (node_modules/router/index.js:342:13)
      at node_modules/router/index.js:297:9
      at processParams (node_modules/router/index.js:582:12)
      at next (node_modules/router/index.js:291:5)
      at read (node_modules/body-parser/lib/read.js:53:5)
      at jsonParser (node_modules/body-parser/lib/types/json.js:88:5)
      at Layer.handleRequest (node_modules/router/lib/layer.js:152:17)
      at trimPrefix (node_modules/router/index.js:342:13)
      at node_modules/router/index.js:297:9
      at processParams (node_modules/router/index.js:582:12)
      at next (node_modules/router/index.js:291:5)
      at logger (node_modules/morgan/index.js:144:5)
      at Layer.handleRequest (node_modules/router/lib/layer.js:152:17)
      at trimPrefix (node_modules/router/index.js:342:13)
      at node_modules/router/index.js:297:9
      at processParams (node_modules/router/index.js:582:12)
      at next (node_modules/router/index.js:291:5)
      at next (src/middlewares/requestId.middleware.js:9:3)
      at Layer.handleRequest (node_modules/router/lib/layer.js:152:17)
      at trimPrefix (node_modules/router/index.js:342:13)
      at node_modules/router/index.js:297:9
      at processParams (node_modules/router/index.js:582:12)
      at next (node_modules/router/index.js:291:5)
      at cors (node_modules/cors/lib/index.js:188:7)
      at node_modules/cors/lib/index.js:224:17
      at originCallback (node_modules/cors/lib/index.js:214:15)
      at node_modules/cors/lib/index.js:219:13
      at optionsCallback (node_modules/cors/lib/index.js:199:9)
      at corsMiddleware (node_modules/cors/lib/index.js:204:7)
      at Layer.handleRequest (node_modules/router/lib/layer.js:152:17)
      at trimPrefix (node_modules/router/index.js:342:13)
      at node_modules/router/index.js:297:9
      at processParams (node_modules/router/index.js:582:12)
      at next (node_modules/router/index.js:291:5)
      at internalNext (node_modules/helmet/index.cjs:531:6)
      at xXssProtectionMiddleware (node_modules/helmet/index.cjs:311:3)
      at internalNext (node_modules/helmet/index.cjs:529:6)
      at xPoweredByMiddleware (node_modules/helmet/index.cjs:304:3)
      at internalNext (node_modules/helmet/index.cjs:529:6)
      at xPermittedCrossDomainPoliciesMiddleware (node_modules/helmet/index.cjs:297:3)
      at internalNext (node_modules/helmet/index.cjs:529:6)
      at xFrameOptionsMiddleware (node_modules/helmet/index.cjs:281:3)
      at internalNext (node_modules/helmet/index.cjs:529:6)
      at xDownloadOptionsMiddleware (node_modules/helmet/index.cjs:261:3)
      at internalNext (node_modules/helmet/index.cjs:529:6)
      at xDnsPrefetchControlMiddleware (node_modules/helmet/index.cjs:254:3)
      at internalNext (node_modules/helmet/index.cjs:529:6)
      at xContentTypeOptionsMiddleware (node_modules/helmet/index.cjs:246:3)
      at internalNext (node_modules/helmet/index.cjs:529:6)
      at strictTransportSecurityMiddleware (node_modules/helmet/index.cjs:239:3)
      at internalNext (node_modules/helmet/index.cjs:529:6)
      at referrerPolicyMiddleware (node_modules/helmet/index.cjs:207:3)
      at internalNext (node_modules/helmet/index.cjs:529:6)
      at originAgentClusterMiddleware (node_modules/helmet/index.cjs:182:3)
      at internalNext (node_modules/helmet/index.cjs:529:6)
      at crossOriginResourcePolicyMiddleware (node_modules/helmet/index.cjs:175:3)
      at internalNext (node_modules/helmet/index.cjs:529:6)
      at crossOriginOpenerPolicyMiddleware (node_modules/helmet/index.cjs:159:3)
      at internalNext (node_modules/helmet/index.cjs:529:6)
      at contentSecurityPolicyMiddleware (node_modules/helmet/index.cjs:124:4)
      at internalNext (node_modules/helmet/index.cjs:529:6)
      at helmetMiddleware (node_modules/helmet/index.cjs:533:6)
      at Layer.handleRequest (node_modules/router/lib/layer.js:152:17)
      at trimPrefix (node_modules/router/index.js:342:13)
      at node_modules/router/index.js:297:9
      at processParams (node_modules/router/index.js:582:12)
      at next (node_modules/router/index.js:291:5)

2026-05-04 00:03:14 [[31merror[39m]: TypeError: Cannot set property query of [object Object] which has only a getter
    at D:\Node.js\mercado-back-end\node_modules\express-mongo-sanitize\index.js:113:18
    at Array.forEach (<anonymous>)
    at D:\Node.js\mercado-back-end\node_modules\express-mongo-sanitize\index.js:110:44
    at Layer.handleRequest (D:\Node.js\mercado-back-end\node_modules\router\lib\layer.js:152:17)
    at trimPrefix (D:\Node.js\mercado-back-end\node_modules\router\index.js:342:13)
    at D:\Node.js\mercado-back-end\node_modules\router\index.js:297:9
    at processParams (D:\Node.js\mercado-back-end\node_modules\router\index.js:582:12)
    at next (D:\Node.js\mercado-back-end\node_modules\router\index.js:291:5)
    at cookieParser (D:\Node.js\mercado-back-end\node_modules\cookie-parser\index.js:57:14)
    at Layer.handleRequest (D:\Node.js\mercado-back-end\node_modules\router\lib\layer.js:152:17)
    at trimPrefix (D:\Node.js\mercado-back-end\node_modules\router\index.js:342:13)
    at D:\Node.js\mercado-back-end\node_modules\router\index.js:297:9
    at processParams (D:\Node.js\mercado-back-end\node_modules\router\index.js:582:12)
    at next (D:\Node.js\mercado-back-end\node_modules\router\index.js:291:5)
    at read (D:\Node.js\mercado-back-end\node_modules\body-parser\lib\read.js:53:5)
    at urlencodedParser (D:\Node.js\mercado-back-end\node_modules\body-parser\lib\types\urlencoded.js:57:5)
    at Layer.handleRequest (D:\Node.js\mercado-back-end\node_modules\router\lib\layer.js:152:17)
    at trimPrefix (D:\Node.js\mercado-back-end\node_modules\router\index.js:342:13)
    at D:\Node.js\mercado-back-end\node_modules\router\index.js:297:9
    at processParams (D:\Node.js\mercado-back-end\node_modules\router\index.js:582:12)
    at next (D:\Node.js\mercado-back-end\node_modules\router\index.js:291:5)
    at read (D:\Node.js\mercado-back-end\node_modules\body-parser\lib\read.js:53:5)
    at jsonParser (D:\Node.js\mercado-back-end\node_modules\body-parser\lib\types\json.js:88:5)
    at Layer.handleRequest (D:\Node.js\mercado-back-end\node_modules\router\lib\layer.js:152:17)
    at trimPrefix (D:\Node.js\mercado-back-end\node_modules\router\index.js:342:13)
    at D:\Node.js\mercado-back-end\node_modules\router\index.js:297:9
    at processParams (D:\Node.js\mercado-back-end\node_modules\router\index.js:582:12)
    at next (D:\Node.js\mercado-back-end\node_modules\router\index.js:291:5)
    at logger (D:\Node.js\mercado-back-end\node_modules\morgan\index.js:144:5)
    at Layer.handleRequest (D:\Node.js\mercado-back-end\node_modules\router\lib\layer.js:152:17)
    at trimPrefix (D:\Node.js\mercado-back-end\node_modules\router\index.js:342:13)
    at D:\Node.js\mercado-back-end\node_modules\router\index.js:297:9
    at processParams (D:\Node.js\mercado-back-end\node_modules\router\index.js:582:12)
    at next (D:\Node.js\mercado-back-end\node_modules\router\index.js:291:5)
    at next (D:\Node.js\mercado-back-end\src\middlewares\requestId.middleware.js:9:3)
    at Layer.handleRequest (D:\Node.js\mercado-back-end\node_modules\router\lib\layer.js:152:17)
    at trimPrefix (D:\Node.js\mercado-back-end\node_modules\router\index.js:342:13)
    at D:\Node.js\mercado-back-end\node_modules\router\index.js:297:9
    at processParams (D:\Node.js\mercado-back-end\node_modules\router\index.js:582:12)
    at next (D:\Node.js\mercado-back-end\node_modules\router\index.js:291:5)
    at cors (D:\Node.js\mercado-back-end\node_modules\cors\lib\index.js:188:7)
    at D:\Node.js\mercado-back-end\node_modules\cors\lib\index.js:224:17
    at originCallback (D:\Node.js\mercado-back-end\node_modules\cors\lib\index.js:214:15)
    at D:\Node.js\mercado-back-end\node_modules\cors\lib\index.js:219:13
    at optionsCallback (D:\Node.js\mercado-back-end\node_modules\cors\lib\index.js:199:9)
    at corsMiddleware (D:\Node.js\mercado-back-end\node_modules\cors\lib\index.js:204:7)
    at Layer.handleRequest (D:\Node.js\mercado-back-end\node_modules\router\lib\layer.js:152:17)
    at trimPrefix (D:\Node.js\mercado-back-end\node_modules\router\index.js:342:13)
    at D:\Node.js\mercado-back-end\node_modules\router\index.js:297:9
    at processParams (D:\Node.js\mercado-back-end\node_modules\router\index.js:582:12)
    at next (D:\Node.js\mercado-back-end\node_modules\router\index.js:291:5)
    at internalNext (D:\Node.js\mercado-back-end\node_modules\helmet\index.cjs:531:6)
    at xXssProtectionMiddleware (D:\Node.js\mercado-back-end\node_modules\helmet\index.cjs:311:3)
    at internalNext (D:\Node.js\mercado-back-end\node_modules\helmet\index.cjs:529:6)
    at xPoweredByMiddleware (D:\Node.js\mercado-back-end\node_modules\helmet\index.cjs:304:3)
    at internalNext (D:\Node.js\mercado-back-end\node_modules\helmet\index.cjs:529:6)
    at xPermittedCrossDomainPoliciesMiddleware (D:\Node.js\mercado-back-end\node_modules\helmet\index.cjs:297:3)
    at internalNext (D:\Node.js\mercado-back-end\node_modules\helmet\index.cjs:529:6)
    at xFrameOptionsMiddleware (D:\Node.js\mercado-back-end\node_modules\helmet\index.cjs:281:3)
    at internalNext (D:\Node.js\mercado-back-end\node_modules\helmet\index.cjs:529:6)
    at xDownloadOptionsMiddleware (D:\Node.js\mercado-back-end\node_modules\helmet\index.cjs:261:3)
    at internalNext (D:\Node.js\mercado-back-end\node_modules\helmet\index.cjs:529:6)
    at xDnsPrefetchControlMiddleware (D:\Node.js\mercado-back-end\node_modules\helmet\index.cjs:254:3)
    at internalNext (D:\Node.js\mercado-back-end\node_modules\helmet\index.cjs:529:6)
    at xContentTypeOptionsMiddleware (D:\Node.js\mercado-back-end\node_modules\helmet\index.cjs:246:3)
    at internalNext (D:\Node.js\mercado-back-end\node_modules\helmet\index.cjs:529:6)
    at strictTransportSecurityMiddleware (D:\Node.js\mercado-back-end\node_modules\helmet\index.cjs:239:3)
    at internalNext (D:\Node.js\mercado-back-end\node_modules\helmet\index.cjs:529:6)
    at referrerPolicyMiddleware (D:\Node.js\mercado-back-end\node_modules\helmet\index.cjs:207:3)
    at internalNext (D:\Node.js\mercado-back-end\node_modules\helmet\index.cjs:529:6)
    at originAgentClusterMiddleware (D:\Node.js\mercado-back-end\node_modules\helmet\index.cjs:182:3)
    at internalNext (D:\Node.js\mercado-back-end\node_modules\helmet\index.cjs:529:6)
    at crossOriginResourcePolicyMiddleware (D:\Node.js\mercado-back-end\node_modules\helmet\index.cjs:175:3)
    at internalNext (D:\Node.js\mercado-back-end\node_modules\helmet\index.cjs:529:6)
    at crossOriginOpenerPolicyMiddleware (D:\Node.js\mercado-back-end\node_modules\helmet\index.cjs:159:3)
    at internalNext (D:\Node.js\mercado-back-end\node_modules\helmet\index.cjs:529:6)
    at contentSecurityPolicyMiddleware (D:\Node.js\mercado-back-end\node_modules\helmet\index.cjs:124:4)
    at internalNext (D:\Node.js\mercado-back-end\node_modules\helmet\index.cjs:529:6)
    at helmetMiddleware (D:\Node.js\mercado-back-end\node_modules\helmet\index.cjs:533:6)
    at Layer.handleRequest (D:\Node.js\mercado-back-end\node_modules\router\lib\layer.js:152:17)
    at trimPrefix (D:\Node.js\mercado-back-end\node_modules\router\index.js:342:13)
    at D:\Node.js\mercado-back-end\node_modules\router\index.js:297:9
    at processParams (D:\Node.js\mercado-back-end\node_modules\router\index.js:582:12)
    at next (D:\Node.js\mercado-back-end\node_modules\router\index.js:291:5)
    at Function.handle (D:\Node.js\mercado-back-end\node_modules\router\index.js:186:3)
    at Function.handle (D:\Node.js\mercado-back-end\node_modules\express\lib\application.js:177:15)
    at Server.app (D:\Node.js\mercado-back-end\node_modules\express\lib\express.js:38:9)
    at Server.emit (node:events:524:28)
    at parserOnIncoming (node:_http_server:1153:12)
    at HTTPParser.parserOnHeadersComplete (node:_http_common:117:17)
  console.log
    {
      success: false,
      message: 'Something went wrong',
      code: 'INTERNAL_ERROR',
      errors: []
    }

      at Object.log (tests/integration/api.test.js:7:41)

node.exe : FAIL tests/integration/api.test.js
At C:\Program Files\nodejs\npm.ps1:29 char:3
+   & $NODE_EXE $NPM_CLI_JS $args
+   ~~~~~~~~~~~~~~~~~~~~~~~~~~~~~
    + CategoryInfo          : NotSpecified: (FAIL tests/integration/api.test.js:String) [], RemoteException
    + FullyQualifiedErrorId : NativeCommandError
 
  API Health Check
    × should return 200 and a success message (73 ms)

  ● API Health Check › should return 200 and a success message

    expect(received).toEqual(expected) // deep equality

    Expected: 200
    Received: 500

    [0m [90m  6 |[39m     [36mconst[39m res [33m=[39m [36mawait[39m 
request(app)[33m.[39m[36mget[39m([32m'/health'[39m)[33m;[39m
     [90m  7 |[39m     [36mif[39m (res[33m.[39mstatusCode [33m!==[39m [35m200[39m) 
console[33m.[39mlog(res[33m.[39mbody)[33m;[39m
    [31m[1m>[22m[39m[90m  8 |[39m     
expect(res[33m.[39mstatusCode)[33m.[39mtoEqual([35m200[39m)[33m;[39m
     [90m    |[39m                            [31m[1m^[22m[39m
     [90m  9 |[39m     expect(res[33m.[39mbody[33m.[39msuccess)[33m.[39mtoBe([36mtrue[39m)[33m;[39m
     [90m 10 |[39m     expect(res[33m.[39mbody[33m.[39mmessage)[33m.[39mtoBe([32m'Mercado API is running 
🚀'[39m)[33m;[39m
     [90m 11 |[39m   })[33m;[39m[0m

      at Object.toEqual (tests/integration/api.test.js:8:28)

Test Suites: 1 failed, 1 total
Tests:       1 failed, 1 total
Snapshots:   0 total
Time:        2.448 s, estimated 3 s
Ran all test suites.
Force exiting Jest: Have you considered using `--detectOpenHandles` to detect async operations that kept running after 
all tests finished?
